MPLINK 4.49, Linker
Linker Map File - Created Sun Nov 27 00:40:33 2022

                                 Section Info
                  Section       Type    Address   Location Size(Bytes)
                ---------  ---------  ---------  ---------  ---------
                   .org_0       code   0x000000    program   0x000000
                   .org_1       code   0x000000    program   0x000000
                   .org_2       code   0x000004    program   0x00012a
      .config_2007_MAIN.O       code   0x002007    program   0x000002



                              Program Memory Usage 
                               Start         End      
                           ---------   ---------      
                            0x000004    0x000098      
                            0x002007    0x002007      
            150 out of 2182 program addresses used, program memory utilization is 6%



                              Symbols - Sorted by Name
                     Name    Address   Location    Storage File                     
                ---------  ---------  ---------  --------- ---------                
                     LOOP   0x00007c    program     static C:\Users\limaj\Desktop\Projeto inversor multitarefa\projeto pwm\main.asm
                    LOOP1   0x000087    program     static C:\Users\limaj\Desktop\Projeto inversor multitarefa\projeto pwm\main.asm
                    LOOP2   0x000092    program     static C:\Users\limaj\Desktop\Projeto inversor multitarefa\projeto pwm\main.asm
               aciona_VG1   0x000034    program     static C:\Users\limaj\Desktop\Projeto inversor multitarefa\projeto pwm\main.asm
               aciona_VG2   0x00003f    program     static C:\Users\limaj\Desktop\Projeto inversor multitarefa\projeto pwm\main.asm
               aciona_VG3   0x00004a    program     static C:\Users\limaj\Desktop\Projeto inversor multitarefa\projeto pwm\main.asm
              delay_333ms   0x000076    program     static C:\Users\limaj\Desktop\Projeto inversor multitarefa\projeto pwm\main.asm
              delay_333us   0x00008e    program     static C:\Users\limaj\Desktop\Projeto inversor multitarefa\projeto pwm\main.asm
                delay_5ms   0x000083    program     static C:\Users\limaj\Desktop\Projeto inversor multitarefa\projeto pwm\main.asm
            desaciona_VG1   0x000055    program     static C:\Users\limaj\Desktop\Projeto inversor multitarefa\projeto pwm\main.asm
            desaciona_VG2   0x000060    program     static C:\Users\limaj\Desktop\Projeto inversor multitarefa\projeto pwm\main.asm
            desaciona_VG3   0x00006b    program     static C:\Users\limaj\Desktop\Projeto inversor multitarefa\projeto pwm\main.asm
                     main   0x000007    program     static C:\Users\limaj\Desktop\Projeto inversor multitarefa\projeto pwm\main.asm
                    setup   0x000004    program     static C:\Users\limaj\Desktop\Projeto inversor multitarefa\projeto pwm\main.asm



                              Symbols - Sorted by Address
                     Name    Address   Location    Storage File                     
                ---------  ---------  ---------  --------- ---------                
                    setup   0x000004    program     static C:\Users\limaj\Desktop\Projeto inversor multitarefa\projeto pwm\main.asm
                     main   0x000007    program     static C:\Users\limaj\Desktop\Projeto inversor multitarefa\projeto pwm\main.asm
               aciona_VG1   0x000034    program     static C:\Users\limaj\Desktop\Projeto inversor multitarefa\projeto pwm\main.asm
               aciona_VG2   0x00003f    program     static C:\Users\limaj\Desktop\Projeto inversor multitarefa\projeto pwm\main.asm
               aciona_VG3   0x00004a    program     static C:\Users\limaj\Desktop\Projeto inversor multitarefa\projeto pwm\main.asm
            desaciona_VG1   0x000055    program     static C:\Users\limaj\Desktop\Projeto inversor multitarefa\projeto pwm\main.asm
            desaciona_VG2   0x000060    program     static C:\Users\limaj\Desktop\Projeto inversor multitarefa\projeto pwm\main.asm
            desaciona_VG3   0x00006b    program     static C:\Users\limaj\Desktop\Projeto inversor multitarefa\projeto pwm\main.asm
              delay_333ms   0x000076    program     static C:\Users\limaj\Desktop\Projeto inversor multitarefa\projeto pwm\main.asm
                     LOOP   0x00007c    program     static C:\Users\limaj\Desktop\Projeto inversor multitarefa\projeto pwm\main.asm
                delay_5ms   0x000083    program     static C:\Users\limaj\Desktop\Projeto inversor multitarefa\projeto pwm\main.asm
                    LOOP1   0x000087    program     static C:\Users\limaj\Desktop\Projeto inversor multitarefa\projeto pwm\main.asm
              delay_333us   0x00008e    program     static C:\Users\limaj\Desktop\Projeto inversor multitarefa\projeto pwm\main.asm
                    LOOP2   0x000092    program     static C:\Users\limaj\Desktop\Projeto inversor multitarefa\projeto pwm\main.asm


